// Jest Snapshot v1, https://goo.gl/fbAQLP

exports[`<Checkbox /> should render 1`] = `
<styled.label
  colour="GREEN"
>
  <styled.input
    name="test"
    type="checkbox"
  />
  <styled.div
    colour="GREEN"
  >
    <Check />
  </styled.div>
</styled.label>
`;
