// Jest Snapshot v1, https://goo.gl/fbAQLP

exports[`<Label /> should render 1`] = `
<styled.label
  data-testid="Label-wrapper"
  theme={
    Object {
      "label": Object {
        "colour": "#9EA0A5",
      },
    }
  }
>
  This is a label
</styled.label>
`;
