// Jest Snapshot v1, https://goo.gl/fbAQLP

exports[`<TextArea /> should render 1`] = `
<div>
  <div
    class="sc-fzoKki kwfRYe"
  >
    <textarea
      class="sc-fzoYkl hpuNKy"
    />
  </div>
</div>
`;
